// Jest Snapshot v1, https://goo.gl/fbAQLP

exports[`Testing mouse events:  test adding row to the end button 1`] = `
<div>
  <div>
    <div>
      <a
        href="/"
        onClick={[Function]}
      >
        MEM-CRAB React Test
      </a>
      <div>
        <table>
          <tbody>
            <tr>
              <td
                className=""
                id="el_id_1"
                onClick={[Function]}
                onMouseEnter={[Function]}
                onMouseLeave={[Function]}
              >
                1
              </td>
              <td
                className=""
                id="el_id_2"
                onClick={[Function]}
                onMouseEnter={[Function]}
                onMouseLeave={[Function]}
              >
                2
              </td>
              <td
                className=""
                id="el_id_3"
                onClick={[Function]}
                onMouseEnter={[Function]}
                onMouseLeave={[Function]}
              >
                3
              </td>
            </tr>
            <tr>
              <td
                className=""
                id="el_id_4"
                onClick={[Function]}
                onMouseEnter={[Function]}
                onMouseLeave={[Function]}
              >
                4
              </td>
              <td
                className=""
                id="el_id_5"
                onClick={[Function]}
                onMouseEnter={[Function]}
                onMouseLeave={[Function]}
              >
                5
              </td>
              <td
                className=""
                id="el_id_6"
                onClick={[Function]}
                onMouseEnter={[Function]}
                onMouseLeave={[Function]}
              >
                6
              </td>
            </tr>
          </tbody>
        </table>
        <div>
          <div
            id="rowSum_id_1"
            onMouseEnter={[Function]}
            onMouseLeave={[Function]}
          >
            <div
              style={
                Object {
                  "width": "0%",
                }
              }
            />
            6
          </div>
          <div
            id="rowSum_id_2"
            onMouseEnter={[Function]}
            onMouseLeave={[Function]}
          >
            <div
              style={
                Object {
                  "width": "0%",
                }
              }
            />
            15
          </div>
        </div>
      </div>
      <div>
        <div
          style={
            Object {
              "gridTemplateColumns": "repeat(3, 1fr)",
            }
          }
        >
          <div>
            3
          </div>
          <div>
            4
          </div>
          <div>
            5
          </div>
        </div>
        <div>
          21
        </div>
      </div>
      <div>
        <button
          id="addRow"
          onClick={[Function]}
          type="button"
        >
          +
        </button>
        <button
          id="removeRow"
          onClick={[Function]}
          type="button"
        >
          -
        </button>
      </div>
    </div>
  </div>
</div>
`;

exports[`Testing mouse events:  test hover on cell 1`] = `
<div>
  <div>
    <div>
      <a
        href="/"
        onClick={[Function]}
      >
        MEM-CRAB React Test
      </a>
      <div>
        <table>
          <tbody>
            <tr>
              <td
                className=""
                id="el_id_1"
                onClick={[Function]}
                onMouseEnter={[Function]}
                onMouseLeave={[Function]}
              >
                1
              </td>
              <td
                className=""
                id="el_id_2"
                onClick={[Function]}
                onMouseEnter={[Function]}
                onMouseLeave={[Function]}
              >
                2
              </td>
              <td
                className=""
                id="el_id_3"
                onClick={[Function]}
                onMouseEnter={[Function]}
                onMouseLeave={[Function]}
              >
                3
              </td>
            </tr>
            <tr>
              <td
                className=""
                id="el_id_4"
                onClick={[Function]}
                onMouseEnter={[Function]}
                onMouseLeave={[Function]}
              >
                4
              </td>
              <td
                className=""
                id="el_id_5"
                onClick={[Function]}
                onMouseEnter={[Function]}
                onMouseLeave={[Function]}
              >
                5
              </td>
              <td
                className=""
                id="el_id_6"
                onClick={[Function]}
                onMouseEnter={[Function]}
                onMouseLeave={[Function]}
              >
                6
              </td>
            </tr>
          </tbody>
        </table>
        <div>
          <div
            id="rowSum_id_1"
            onMouseEnter={[Function]}
            onMouseLeave={[Function]}
          >
            <div
              style={
                Object {
                  "width": "0%",
                }
              }
            />
            6
          </div>
          <div
            id="rowSum_id_2"
            onMouseEnter={[Function]}
            onMouseLeave={[Function]}
          >
            <div
              style={
                Object {
                  "width": "0%",
                }
              }
            />
            15
          </div>
        </div>
      </div>
      <div>
        <div
          style={
            Object {
              "gridTemplateColumns": "repeat(3, 1fr)",
            }
          }
        >
          <div>
            3
          </div>
          <div>
            4
          </div>
          <div>
            5
          </div>
        </div>
        <div>
          21
        </div>
      </div>
      <div>
        <button
          id="addRow"
          onClick={[Function]}
          type="button"
        >
          +
        </button>
        <button
          id="removeRow"
          onClick={[Function]}
          type="button"
        >
          -
        </button>
      </div>
    </div>
  </div>
</div>
`;

exports[`Testing mouse events:  test hover on sum element 1`] = `
<div>
  <div>
    <div>
      <a
        href="/"
        onClick={[Function]}
      >
        MEM-CRAB React Test
      </a>
      <div>
        <table>
          <tbody>
            <tr>
              <td
                className=""
                id="el_id_1"
                onClick={[Function]}
                onMouseEnter={[Function]}
                onMouseLeave={[Function]}
              >
                1
              </td>
              <td
                className=""
                id="el_id_2"
                onClick={[Function]}
                onMouseEnter={[Function]}
                onMouseLeave={[Function]}
              >
                2
              </td>
              <td
                className=""
                id="el_id_3"
                onClick={[Function]}
                onMouseEnter={[Function]}
                onMouseLeave={[Function]}
              >
                3
              </td>
            </tr>
            <tr>
              <td
                className=""
                id="el_id_4"
                onClick={[Function]}
                onMouseEnter={[Function]}
                onMouseLeave={[Function]}
              >
                4
              </td>
              <td
                className=""
                id="el_id_5"
                onClick={[Function]}
                onMouseEnter={[Function]}
                onMouseLeave={[Function]}
              >
                5
              </td>
              <td
                className=""
                id="el_id_6"
                onClick={[Function]}
                onMouseEnter={[Function]}
                onMouseLeave={[Function]}
              >
                6
              </td>
            </tr>
          </tbody>
        </table>
        <div>
          <div
            id="rowSum_id_1"
            onMouseEnter={[Function]}
            onMouseLeave={[Function]}
          >
            <div
              style={
                Object {
                  "width": "0%",
                }
              }
            />
            6
          </div>
          <div
            id="rowSum_id_2"
            onMouseEnter={[Function]}
            onMouseLeave={[Function]}
          >
            <div
              style={
                Object {
                  "width": "0%",
                }
              }
            />
            15
          </div>
        </div>
      </div>
      <div>
        <div
          style={
            Object {
              "gridTemplateColumns": "repeat(3, 1fr)",
            }
          }
        >
          <div>
            3
          </div>
          <div>
            4
          </div>
          <div>
            5
          </div>
        </div>
        <div>
          21
        </div>
      </div>
      <div>
        <button
          id="addRow"
          onClick={[Function]}
          type="button"
        >
          +
        </button>
        <button
          id="removeRow"
          onClick={[Function]}
          type="button"
        >
          -
        </button>
      </div>
    </div>
  </div>
</div>
`;

exports[`testing app component:  app tests preloaded state setup 1`] = `
<div>
  <div>
    <form
      id="startForm"
      onSubmit={[Function]}
    >
      <div>
        <label>
          M:
          <input
            defaultValue={1}
            id="M"
            name="M"
            onChange={[Function]}
            required={true}
            type="number"
            value=""
          />
        </label>
        <label>
          N:
          <input
            defaultValue={3}
            id="N"
            name="N"
            onChange={[Function]}
            required={true}
            type="number"
            value=""
          />
        </label>
        <label>
          X:
          <input
            defaultValue={1}
            id="X"
            name="X"
            onChange={[Function]}
            required={true}
            type="number"
            value=""
          />
        </label>
      </div>
      <button
        type="submit"
      >
        submit
      </button>
    </form>
  </div>
</div>
`;

exports[`testing app component:  app tests preloaded state setup 2`] = `
<div>
  <div>
    <form
      id="startForm"
      onSubmit={[Function]}
    >
      <div>
        <label>
          M:
          <input
            defaultValue={1}
            id="M"
            name="M"
            onChange={[Function]}
            required={true}
            type="number"
            value=""
          />
        </label>
        <label>
          N:
          <input
            defaultValue={3}
            id="N"
            name="N"
            onChange={[Function]}
            required={true}
            type="number"
            value=""
          />
        </label>
        <label>
          X:
          <input
            defaultValue={1}
            id="X"
            name="X"
            onChange={[Function]}
            required={true}
            type="number"
            value=""
          />
        </label>
      </div>
      <button
        type="submit"
      >
        submit
      </button>
    </form>
  </div>
</div>
`;
